// Jest Snapshot v1, https://goo.gl/fbAQLP

exports[`renders homepage unchanged 1`] = `
<div
  className="jsx-1224966636 container"
>
  <main
    className="jsx-1224966636"
  >
    <h1
      className="jsx-1224966636 title"
    >
      This is
       
      <a
        className="jsx-1224966636"
        href="https://nextjs.org"
      >
        reactForums!
      </a>
    </h1>
    <div
      className="jsx-1224966636 grid"
    >
      <a
        className="jsx-1224966636 card"
        href="https://vercel.com/import?filter=next.js&utm_source=create-next-app&utm_medium=default-template&utm_campaign=create-next-app"
      >
        <h3
          className="jsx-1224966636"
        >
          Deploy â†’
        </h3>
        <p
          className="jsx-1224966636"
        >
          Instantly deploy your Next.js site to a public URL with Vercel.
        </p>
      </a>
    </div>
  </main>
  <footer
    className="jsx-1224966636"
  >
    <a
      className="jsx-1224966636"
      href="https://vercel.com?utm_source=create-next-app&utm_medium=default-template&utm_campaign=create-next-app"
      rel="noopener noreferrer"
      target="_blank"
    >
      Powered by
       
      <img
        alt="Vercel Logo"
        className="jsx-1224966636 logo"
        src="/vercel.svg"
      />
    </a>
  </footer>
</div>
`;
